{ TheDraw Pascal Screen Image.  Date: 11/25/94 }
const
  IMAGEDATA_WIDTH=80;
  IMAGEDATA_DEPTH=23;
  IMAGEDATA_LENGTH=3680;
  IMAGEDATA : array [1..3680] of Char = (
     '°',  #4, '°',  #4, '°',  #4, '°',  #4, '°',  #4, '°',  #4, '°',  #4,
     '°',  #4, '°',  #4, '°',  #4, '°',  #4, '°',  #4, '°',  #4, '°',  #4,
     '°',  #4, '°',  #4, '°',  #4, '°',  #4, '°',  #4, '°',  #4, '°',  #4,
     '°',  #4, '°',  #4, '°',  #4, '°',  #4, '°',  #4, '°',  #4, '°',  #4,
     '°',  #4, '°',  #4, '°',  #4, '°',  #4, '°',  #4, '°',  #4, '°',  #4,
     '°',  #4, '°',  #4, '°',  #4, '°',  #4, '°',  #4, '°',  #4, '°',  #4,
     '°',  #4, '°',  #4, '°',  #4, '°',  #4, '°',  #4, '°',  #4, '°',  #4,
     '°',  #4, '°',  #4, '°',  #4, '°',  #4, '°',  #4, '°',  #4, '°',  #4,
     '°',  #4, '°',  #4, '°',  #4, '°',  #4, '°',  #4, '°',  #4, '°',  #4,
     '°',  #4, '°',  #4, '°',  #4, '°',  #4, '°',  #4, '°',  #4, '°',  #4,
     '°',  #4, '°',  #4, '°',  #4, '°',  #4, '°',  #4, '°',  #4, '°',  #4,
     '°',  #4, '°',  #4, '°',  #4, '°',  #4, '°',  #4, '°',  #4, '°',  #4,
     '°',  #4, '°',  #4, '°',  #4, '°',  #4, '°',  #4, '°',  #4, '°',  #4,
     '°',  #4, '°',  #4, '°',  #4, '°',  #4, '°',  #4, '°',  #4, '°',  #4,
     '°',  #4, '°',  #4, '²', #65, '²', #65, '²', #65, '²', #65, '²', #65,
     '²', #65, '²', #65, '²', #65, '²', #65, '²', #65, '°',  #4, '°',  #4,
     '²', #65, '²', #65, '°',  #4, '°',  #4, '°',  #4, '°',  #4, '°',  #4,
     '°',  #4, '²', #65, '²', #65, '°',  #4, '°',  #4, '°',  #4, '°',  #4,
     '°',  #4, '²', #65, '²', #65, '²', #65, '²', #65, '°',  #4, '°',  #4,
     '°',  #4, '°',  #4, '°',  #4, '°',  #4, '°',  #4, '°',  #4, '°',  #4,
     '°',  #4, '°',  #4, '°',  #4, '°',  #4, '°',  #4, '°',  #4, '°',  #4,
     '°',  #4, '°',  #4, '°',  #4, '°',  #4, '°',  #4, '°',  #4, '°',  #4,
     '°',  #4, '°',  #4, '°',  #4, '°',  #4, '°',  #4, '°',  #4, '°',  #4,
     '°',  #4, '°',  #4, '°',  #4, '°',  #4, '°',  #4, '°',  #4, '°',  #4,
     '°',  #4, '°',  #4, '°',  #4, '°',  #4, '°',  #4, '°',  #4, '°',  #4,
     '°',  #4, '°',  #4, '°',  #4, '°',  #4, '°',  #4, '°',  #4, '°',  #4,
     '°',  #4, '²', #65, '²', #65, '²', #65, '²', #65, '°',  #4, '°',  #4,
     '°',  #4, '°',  #4, '°',  #4, '²', #65, '²', #65, '²', #65, '°',  #4,
     '°',  #4, '°',  #4, '°',  #4, '²', #65, '²', #65, '²', #65, '°',  #4,
     '°',  #4, '°',  #4, '°',  #4, '²', #65, '²', #65, '²', #65, '²', #65,
     '²', #65, '²', #65, '°',  #4, '°',  #4, '°',  #4, '°',  #4, '°',  #4,
     '°',  #4, '°',  #4, '°',  #4, '°',  #4, '°',  #4, '°',  #4, '°',  #4,
     '°',  #4, '°',  #4, '°',  #4, '°',  #4, '°',  #4, '°',  #4, '°',  #4,
     '°',  #4, '°',  #4, '°',  #4, '°',  #4, '°',  #4, '°',  #4, '°',  #4,
     '°',  #4, '°',  #4, '±',  #4, '±',  #4, '±',  #4, '±',  #4, '±',  #4,
     '±',  #4, '±',  #4, '±',  #4, '±',  #4, '±',  #4, '±',  #4, '±',  #4,
     '±',  #4, '±',  #4, '±',  #4, '±',  #4, '±',  #4, '±',  #4, '±',  #4,
     '±',  #4, '±',  #4, '±',  #4, '±',  #4, '±',  #4, '²', #65, '²', #65,
     '±',  #4, '±',  #4, '±',  #4, '±',  #4, '±',  #4, '±',  #4, '²', #65,
     '²', #65, '²', #65, '²', #65, '²', #65, '²', #65, '²', #65, '²', #65,
     '²', #65, '²', #65, '±',  #4, '±',  #4, '±',  #4, '²', #65, '²', #65,
     '²', #65, '±',  #4, '±',  #4, '±',  #4, '±',  #4, '±',  #4, '±',  #4,
     '±',  #4, '±',  #4, '±',  #4, '±',  #4, '±',  #4, '±',  #4, '±',  #4,
     '±',  #4, '±',  #4, '±',  #4, '±',  #4, '±',  #4, '±',  #4, '±',  #4,
     '±',  #4, '±',  #4, '±',  #4, '±',  #4, '±',  #4, '±',  #4, '±',  #4,
     '±',  #4, '±',  #4, '±',  #4, '±',  #4, '±',  #4, '±',  #4, '±',  #4,
     '±',  #4, '±',  #4, '±',  #4, '±',  #4, '±',  #4, '±',  #4, '±',  #4,
     '±',  #4, '±',  #4, '±',  #4, '±',  #4, '±',  #4, '±',  #4, '±',  #4,
     '±',  #4, '±',  #4, '±',  #4, '±',  #4, '±',  #4, '±',  #4, '±',  #4,
     '±',  #4, '²', #65, '²', #65, '±',  #4, '±',  #4, '±',  #4, '±',  #4,
     '±',  #4, '±',  #4, '²', #65, '²', #65, '²', #65, '²', #65, '±',  #4,
     '±',  #4, '²', #65, '²', #65, '²', #65, '²', #65, '±',  #4, '±',  #4,
     '±',  #4, '²', #65, '²', #65, '²', #65, '²', #65, '²', #65, '²', #65,
     '²', #65, '±',  #4, '±',  #4, '±',  #4, '±',  #4, '±',  #4, '±',  #4,
     '±',  #4, '±',  #4, '±',  #4, '±',  #4, '±',  #4, '±',  #4, '±',  #4,
     '±',  #4, '±',  #4, '±',  #4, '±',  #4, '±',  #4, '±',  #4, '±',  #4,
     '±',  #4, '±',  #4, '±',  #4, '±',  #4, '±',  #4, '±',  #4, '±',  #4,
     '±',  #4, '±',  #4, '±',  #4, '±',  #4, '±',  #4, '±',  #4, '±',  #4,
     '±',  #4, '±',  #4, '±',  #4, '±',  #4, '±',  #4, '±',  #4, '±',  #4,
     '±',  #4, '±',  #4, '±',  #4, '±',  #4, '±',  #4, '±',  #4, '±',  #4,
     '±',  #4, '±',  #4, '±',  #4, '±',  #4, '²', #65, '²', #65, '±',  #4,
     '±',  #4, '±',  #4, '±',  #4, '±',  #4, '±',  #4, '²', #65, '²', #65,
     '²', #65, '±',  #4, '±',  #4, '±',  #4, '±',  #4, '²', #65, '²', #65,
     '²', #65, '±',  #4, '±',  #4, '²', #65, '²', #65, '²', #65, '±',  #4,
     '±',  #4, '±',  #4, '±',  #4, '±',  #4, '±',  #4, '²', #65, '±',  #4,
     '±',  #4, '±',  #4, '±',  #4, '±',  #4, '±',  #4, '±',  #4, '±',  #4,
     '±',  #4, '±',  #4, '±',  #4, '±',  #4, '±',  #4, '±',  #4, '±',  #4,
     '±',  #4, '±',  #4, '±',  #4, '±',  #4, '±',  #4, '±',  #4, '±',  #4,
     '±',  #4, '±',  #4, '±',  #4, '±',  #4, '±',  #4, '±',  #4, '±',  #4,
     '±',  #4, '±',  #4, '±',  #4, '±',  #4, '±',  #4, '±',  #4, '±',  #4,
     '±',  #4, '±',  #4, '±',  #4, '±',  #4, '±',  #4, '±',  #4, '±',  #4,
     '±',  #4, '±',  #4, '±',  #4, '±',  #4, '±',  #4, '±',  #4, '²', #65,
     '²', #65, '²', #65, '²', #65, '±',  #4, '±',  #4, '±',  #4, '±',  #4,
     '±',  #4, '²', #65, '²', #65, '±',  #4, '±',  #4, '±',  #4, '±',  #4,
     '±',  #4, '±',  #4, '²', #65, '²', #65, '±',  #4, '±',  #4, '²', #65,
     '²', #65, '²', #65, '²', #65, '²', #65, '²', #65, '²', #65, '²', #65,
     '²', #65, '²', #65, '±',  #4, '±',  #4, '±',  #4, '±',  #4, '±',  #4,
     '±',  #4, '±',  #4, '±',  #4, '±',  #4, '±',  #4, '±',  #4, '±',  #4,
     '±',  #4, '±',  #4, '±',  #4, '±',  #4, '±',  #4, '±',  #4, '±',  #4,
     '±',  #4, '±',  #4, '±',  #4, '±',  #4, '±',  #4, '±',  #4, '±',  #4,
     '²',  #4, '²',  #4, '²',  #4, '²',  #4, '²',  #4, '²',  #4, '²',  #4,
     '²',  #4, '²',  #4, '²',  #4, '²',  #4, '²',  #4, '²',  #4, '²',  #4,
     '²',  #4, '²',  #4, '²',  #4, '²',  #4, '²',  #4, '²',  #4, '²',  #4,
     '²',  #4, '²',  #4, '²',  #4, '²',  #4, '²',  #4, '²',  #4, '²',  #4,
     '²',  #4, '²',  #4, '²',  #4, '²',  #4, '²',  #4, '²',  #4, '²',  #4,
     '²',  #4, '²',  #4, '²',  #4, '²',  #4, '²',  #4, '²',  #4, '²',  #4,
     '²',  #4, '²',  #4, '²',  #4, '²',  #4, '²',  #4, '²',  #4, '²',  #4,
     '²',  #4, '²',  #4, '²',  #4, '²',  #4, '²',  #4, '²',  #4, '²',  #4,
     '²',  #4, '²',  #4, '²',  #4, '²',  #4, '²',  #4, '²',  #4, '²',  #4,
     '²',  #4, '²',  #4, '²',  #4, '²',  #4, '²',  #4, '²',  #4, '²',  #4,
     '²',  #4, '²',  #4, '²',  #4, '²',  #4, '²',  #4, '²',  #4, '²',  #4,
     '²',  #4, '²',  #4, '²',  #4, '²',  #4, '²',  #4, '²',  #4, '²',  #4,
     '²',  #4, '²',  #4, '²',  #4, '²',  #4, '²',  #4, '²',  #4, '²',  #4,
     '²',  #4, '²',  #4, '²',  #4, '²',  #4, '²',  #4, '²',  #4, '²',  #4,
     '²',  #4, '²',  #4, '²',  #4, '²',  #4, '²',  #4, '²',  #4, '²',  #4,
     '²',  #4, '²',  #4, '²',  #4, '²',  #4, '²',  #4, '²',  #4, '²',  #4,
     '²',  #4, '²',  #4, '²',  #4, '²',  #4, '²',  #4, '²',  #4, '²',  #4,
     '²',  #4, '²',  #4, '²',  #4, '²',  #4, '²',  #4, '²',  #4, '²',  #4,
     '²',  #4, '²',  #4, '²',  #4, '²',  #4, '²',  #4, '²',  #4, '²',  #4,
     '²',  #4, '²',  #4, '²',  #4, '²',  #4, '²',  #4, '²',  #4, '²',  #4,
     '²',  #4, '²',  #4, '²',  #4, '²',  #4, '²',  #4, '²',  #4, '²',  #4,
     '²',  #4, '²',  #4, '²',  #4, '²',  #4, '²',  #4, '²',  #4, '²',  #4,
     '²',  #4, '²',  #4, '²',  #4, '²',  #4, '²',  #4, '²',  #4, '²',  #4,
     '²',  #4, '²',  #4, '²',  #4, '²',  #4, '²',  #4, '²',  #4, '²',  #4,
     '²',  #4, '²',  #4, '²',  #4, '²',  #4, '²',  #4, '²',  #4, '²',  #4,
     '²',  #4, '²',  #4, '²',  #4, '²',  #4, '²',  #4, '²',  #4, '²',  #4,
     '²',  #4, '²',  #4, '²',  #4, '²',  #4, '²',  #4, '²',  #4, '²',  #4,
     '²',  #4, '²',  #4, '²',  #4, '²',  #4, '²',  #4, '²',  #4, '²',  #4,
     '²',  #4, '²',  #4, '²',  #4, '²',  #4, '²',  #4, '²',  #4, '²',  #4,
     '²',  #4, '²',  #4, '²',  #4, '²',  #4, '²',  #4, '²',  #4, '²',  #4,
     '²',  #4, '²',  #4, '²',  #4, '²',  #4, '²',  #4, '²',  #4, '²',  #4,
     '²',  #4, '²',  #4, '²',  #4, '²',  #4, '²',  #4, '²',  #4, '²',  #4,
     '²',  #4, '²',  #4, '²',  #4, '²',  #4, '²',  #4, '²',  #4, '²',  #4,
     '²',  #4, '²',  #4, '²',  #4, '²',  #4, '²',  #4, '²',  #4, '²',  #4,
     '²',  #4, '²',  #4, '°', #76, '°', #76, '°', #76, '°', #76, '°', #76,
     '°', #76, '°', #76, '°', #76, '°', #76, '°', #76, '°', #76, '°', #76,
     '°', #76, '°', #76, '°', #76, '°', #76, '°', #76, '°', #76, '°', #76,
     '°', #76, '°', #76, '°', #76, '°', #76, '°', #76, '°', #76, '°', #76,
     '°', #76, '°', #76, '°', #76, '°', #76, '°', #76, '°', #76, '°', #76,
     '°', #76, '°', #76, '°', #76, '°', #76, '°', #76, '°', #76, '°', #76,
     '°', #76, '°', #76, '°', #76, '°', #76, '°', #76, '°', #76, '°', #76,
     '°', #76, '°', #76, '°', #76, '°', #76, '°', #76, '°', #76, '°', #76,
     '°', #76, '°', #76, '°', #76, '°', #76, '°', #76, '°', #76, '°', #76,
     '°', #76, '°', #76, '°', #76, '°', #76, '°', #76, '°', #76, '°', #76,
     '°', #76, '°', #76, '°', #76, '°', #76, '°', #76, '°', #76, '°', #76,
     '°', #76, '°', #76, '°', #76, '°', #76, '°', #76, '°', #76, '°', #76,
     '°', #76, '°', #76, '°', #76, '°', #76, '°', #76, '°', #76, '°', #76,
     '°', #76, '°', #76, '°', #76, '°', #76, '°', #76, '°', #76, '°', #76,
     '°', #76, '°', #76, '°', #76, '°', #76, '°', #76, '°', #76, '°', #76,
     '°', #76, '°', #76, '°', #76, '°', #76, '°', #76, '°', #76, '°', #76,
     '°', #76, '°', #76, '°', #76, '°', #76, '°', #76, '°', #76, '°', #76,
     '°', #76, '°', #76, '°', #76, '°', #76, '°', #76, '°', #76, '°', #76,
     '°', #76, '°', #76, '°', #76, '°', #76, '°', #76, '°', #76, '°', #76,
     '°', #76, '°', #76, '°', #76, '°', #76, '°', #76, '°', #76, '°', #76,
     '°', #76, '°', #76, '°', #76, '°', #76, '°', #76, '°', #76, '°', #76,
     '°', #76, '°', #76, '°', #76, '°', #76, '°', #76, '°', #76, '°', #76,
     '°', #76, '°', #76, '°', #76, '°', #76, '°', #76, '°', #76, '°', #76,
     '°', #76, '°', #76, '°', #76, '°', #76, '°', #76, '°', #76, '°', #76,
     '°', #76, '°', #76, '°', #76, '°', #76, '°', #76, '°', #76, '°', #76,
     '°', #76, '°', #76, '°', #76, '°', #76, '°', #76, '°', #76, '°', #76,
     '°', #76, '°', #76, '°', #76, '°', #76, '°', #76, '°', #76, '°', #76,
     '°', #76, '°', #76, '°', #76, '°', #76, '°', #76, '°', #76, '°', #76,
     '°', #76, '°', #76, '°', #76, '°', #76, '°', #76, '°', #76, '°', #76,
     '°', #76, '°', #76, '°', #76, '°', #76, '°', #76, '°', #76, '°', #76,
     '°', #76, '°', #76, '°', #76, '°', #76, '°', #76, '°', #76, '°', #76,
     '°', #76, '°', #76, '°', #76, '°', #76, '°', #76, '°', #76, '°', #76,
     '°', #76, '°', #76, '°', #76, '°', #76, '°', #76, '°', #76, '°', #76,
     '°', #76, '°', #76, '°', #76, '°', #76, '°', #76, '°', #76, '°', #76,
     '°', #76, '°', #76, '°', #76, '°', #76, '°', #76, '°', #76, '°', #76,
     '°', #76, '°', #76, '°', #76, '°', #76, '°', #76, '°', #76, '°', #76,
     '°', #76, '°', #76, '°', #76, '°', #76, '°', #76, '°', #76, '°', #76,
     '°', #76, '°', #76, '°', #76, '°', #76, '°', #76, '°', #76, '°', #76,
     '°', #76, '°', #76, '°', #76, '°', #76, '°', #76, '°', #76, '°', #76,
     '°', #76, '°', #76, '°', #76, '°', #76, '°', #76, '°', #76, '°', #76,
     '°', #76, '°', #76, '°', #76, '°', #76, '°', #76, '°', #76, '°', #76,
     '°', #76, '°', #76, '°', #76, '°', #76, '°', #76, '°', #76, '°', #76,
     '°', #76, '°', #76, '°', #76, '°', #76, '°', #76, '°', #76, '°', #76,
     '°', #76, '°', #76, '°', #76, '°', #76, '°', #76, '°', #76, '°', #76,
     '°', #76, '°', #76, '°', #76, '°', #76, '°', #76, '°', #76, '°', #76,
     '°', #76, '°', #76, '°', #76, '°', #76, '°', #76, '°', #76, '°', #76,
     '±', #76, '±', #76, '±', #76, '±', #76, '±', #76, '±', #76, '±', #76,
     '±', #76, '±', #76, '±', #76, '±', #76, '±', #76, '±', #76, '±', #76,
     '±', #76, '±', #76, '±', #76, '±', #76, '±', #76, '±', #76, '±', #76,
     '±', #76, '±', #76, '±', #76, '±', #76, '±', #76, '±', #76, '±', #76,
     '±', #76, '±', #76, '±', #76, '±', #76, '±', #76, '±', #76, '±', #76,
     '±', #76, '±', #76, '±', #76, '±', #76, '±', #76, '±', #76, '±', #76,
     '±', #76, '±', #76, '±', #76, '±', #76, '±', #76, '±', #76, '±', #76,
     '±', #76, '±', #76, '±', #76, '±', #76, '±', #76, '±', #76, '±', #76,
     '±', #76, '±', #76, '±', #76, '±', #76, '±', #76, '±', #76, '±', #76,
     '±', #76, '±', #76, '±', #76, '±', #76, '±', #76, '±', #76, '±', #76,
     '±', #76, '±', #76, '±', #76, '±', #76, '±', #76, '±', #76, '±', #76,
     '±', #76, '±', #76, '±', #76, '±', #76, '±', #76, '±', #76, '±', #76,
     '±', #76, '±', #76, '±', #76, '±', #76, '±', #76, '±', #76, '±', #76,
     '±', #76, '±', #76, '±', #76, '±', #76, '±', #76, '±', #76, '±', #76,
     '±', #76, '±', #76, '±', #76, '±', #76, '±', #76, '±', #76, '±', #76,
     '±', #76, '±', #76, '±', #76, '±', #76, '±', #76, '±', #76, '±', #76,
     '±', #76, '±', #76, '±', #76, '±', #76, '±', #76, '±', #76, '±', #76,
     '±', #76, '±', #76, '±', #76, '±', #76, '±', #76, '±', #76, '±', #76,
     '±', #76, '±', #76, '±', #76, '±', #76, '±', #76, '±', #76, '±', #76,
     '±', #76, '±', #76, '±', #76, '±', #76, '±', #76, '±', #76, '±', #76,
     '±', #76, '±', #76, '±', #76, '±', #76, '±', #76, '±', #76, '±', #76,
     '±', #76, '±', #76, '±', #76, '±', #76, '±', #76, '±', #76, '±', #76,
     '±', #76, '±', #76, '±', #76, '±', #76, '±', #76, '±', #76, '±', #76,
     '±', #76, '±', #76, '±', #76, '±', #76, '±', #76, '±', #76, '±', #76,
     '±', #76, '±', #76, '±', #76, '±', #76, '±', #76, '±', #76, '±', #76,
     '±', #76, '±', #76, '±', #76, '±', #76, '±', #76, '±', #76, '±', #76,
     '±', #76, '±', #76, '±', #76, '±', #76, '±', #76, '±', #76, '±', #76,
     '±', #76, '±', #76, '±', #76, '±', #76, '±', #76, '±', #76, '±', #76,
     '±', #76, '±', #76, '±', #76, '±', #76, '±', #76, '±', #76, '±', #76,
     '±', #76, '±', #76, '±', #76, '±', #76, '±', #76, '±', #76, '±', #76,
     '±', #76, '±', #76, '±', #76, '±', #76, '±', #76, '±', #76, '±', #76,
     '±', #76, '±', #76, '±', #76, '±', #76, '±', #76, '±', #76, '±', #76,
     '±', #76, '±', #76, '±', #76, '±', #76, '±', #76, '±', #76, '±', #76,
     '±', #76, '±', #76, '±', #76, '±', #76, '±', #76, '±', #76, '±', #76,
     '±', #76, '±', #76, '±', #76, '±', #76, '±', #76, '±', #76, '±', #76,
     '±', #76, '±', #76, '±', #76, '±', #76, '±', #76, '±', #76, '±', #76,
     '±', #76, '±', #76, '±', #76, '±', #76, '±', #76, '±', #76, '±', #76,
     '±', #76, '±', #76, '±', #76, '±', #76, '±', #76, '±', #76, '±', #76,
     '±', #76, '±', #76, '±', #76, '±', #76, '±', #76, '±', #76, '±', #76,
     '±', #76, '±', #76, '±', #76, '±', #76, '±', #76, '±', #76, '±', #76,
     '±', #76, '±', #76, '±', #76, '±', #76, '±', #76, '±', #76, '±', #76,
     '±', #76, '±', #76, '±', #76, '±', #76, '±', #76, '±', #76, '±', #76,
     '±', #76, '±', #76, '±', #76, '±', #76, '±', #76, '±', #76, '±', #76,
     '±', #76, '±', #76, '±', #76, '±', #76, '±', #76, '±', #76, '±', #76,
     '±', #76, '±', #76, '±', #76, '±', #76, '±', #76, '±', #76, '±', #76,
     '±', #76, '±', #76, '±', #76, '±', #76, '±', #76, '²', #76, '²', #76,
     '²', #76, '²', #76, '²', #76, '²', #76, '²', #76, '²', #76, '²', #76,
     '²', #76, '²', #76, '²', #76, '²', #76, '²', #76, '²', #76, '²', #76,
     '²', #76, '²', #76, '²', #76, '²', #76, '²', #76, '²', #76, '²', #76,
     '²', #76, '²', #76, '²', #76, '²', #76, '²', #76, '²', #76, '²', #76,
     '²', #76, '²', #76, '²', #76, '²', #76, '²', #76, '²', #76, '²', #76,
     '²', #76, '²', #76, '²', #76, '²', #76, '²', #76, '²', #76, '²', #76,
     '²', #76, '²', #76, '²', #76, '²', #76, '²', #76, '²', #76, '²', #76,
     '²', #76, '²', #76, '²', #76, '²', #76, '²', #76, '²', #76, '²', #76,
     '²', #76, '²', #76, '²', #76, '²', #76, '²', #76, '²', #76, '²', #76,
     '²', #76, '²', #76, '²', #76, '²', #76, '²', #76, '²', #76, '²', #76,
     '²', #76, '²', #76, '²', #76, '²', #76, '²', #76, '²', #76, '²', #76,
     '²', #76, '²', #76, '²', #76, '²', #76, '²', #76, '²', #76, '²', #76,
     '²', #76, '²', #76, '²', #76, '²', #76, '²', #76, '²', #76, '²', #76,
     '²', #76, '²', #76, '²', #76, '²', #76, '²', #76, '²', #76, '²', #76,
     '²', #76, '²', #76, '²', #76, '²', #76, '²', #76, '²', #76, '²', #76,
     '²', #76, '²', #76, '²', #76, '²', #76, '²', #76, '²', #76, '²', #76,
     '²', #76, '²', #76, '²', #76, '²', #76, '²', #76, '²', #76, '²', #76,
     '²', #76, '²', #76, '²', #76, '²', #76, '²', #76, '²', #76, '²', #76,
     '²', #76, '²', #76, '²', #76, '²', #76, '²', #76, '²', #76, '²', #76,
     '²', #76, '²', #76, '²', #76, '²', #76, '²', #76, '²', #76, '²', #76,
     '²', #76, '²', #76, '²', #76, '²', #76, '²', #76, '²', #76, '²', #76,
     '²', #76, '²', #76, '²', #76, '²', #76, '²', #76, '²', #76, '²', #76,
     '²', #76, '²', #76, '²', #76, '²', #76, '²', #76, '²', #76, '²', #76,
     '²', #76, '²', #76, '²', #76, '²', #76, '²', #76, '²', #76, '²', #76,
     '²', #76, '²', #76, '²', #76, '²', #76, '²', #76, '²', #76, '²', #76,
     '²', #76, '²', #76, '²', #76, '²', #76, '²', #76, '²', #76, '²', #76,
     '²', #76, '²', #76, '²', #76, '²', #76, '²', #76, '²', #76, '²', #76,
     '²', #76, '²', #76, '²', #76, '²', #76, '²', #76, '²', #76, '²', #76,
     '²', #76, '²', #76, '²', #76, '²', #76, '²', #76, '²', #76, '²', #76,
     '²', #76, '²', #76, '²', #76, '²', #76, '²', #76, '²', #76, '²', #76,
     '²', #76, '²', #76, '²', #76, '²', #76, '²', #76, '²', #76, '²', #76,
     '²', #76, '²', #76, '²', #76, '²', #76, '²', #76, '²', #76, '²', #76,
     '²', #76, '²', #76, '²', #76, '²', #76, '²', #76, '²', #76, '²', #76,
     '²', #76, '²', #76, '²', #76, '²', #76, '²', #76, '²', #76, '²', #76,
     '²', #76, '²', #76, '²', #76, '²', #76, '²', #76, '²', #76, '²', #76,
     '²', #76, '²', #76, '²', #76, '²', #76, '²', #76, '²', #76, '²', #76,
     '²', #76, '²', #76, '²', #76, '²', #76, '²', #76, '²', #76, '²', #76,
     '²', #76, '²', #76, '²', #76, '²', #76, '²', #76, '²', #76, '²', #76,
     '²', #76, '²', #76, '²', #76, '²', #76, '²', #76, '²', #76, '²', #76,
     '²', #76, '²', #76, '²', #76, '²', #76, '²', #76, '²', #76, '²', #76,
     '²', #76, '²', #76, '²', #76, '²', #76, '²', #76, '²', #76, '²', #76,
     '²', #76, '²', #76, '²', #76, '²', #76, '²', #76, '²', #76, '²', #76,
     '²', #76, '²', #76, '²', #76, '²', #76, '²', #76, '²', #76, '²', #76,
     '²', #76, '²', #76, '²', #76, '²', #76, '²', #76, '²', #76, '²', #76,
     '²', #76, '²', #76, '²', #76, '²', #76, '²', #76, '²', #76, '²', #76,
     '²', #76, '²', #76, '²', #76, 'Û', #76, 'Û', #76, 'Û', #76, 'Û', #76,
     'Û', #76, 'Û', #76, 'Û', #76, 'Û', #76, 'Û', #76, 'Û', #76, 'Û', #76,
     'Û', #76, 'Û', #76, 'Û', #76, 'Û', #76, 'Û', #76, 'Û', #76, 'Û', #76,
     'Û', #76, 'Û', #76, 'Û', #76, 'Û', #76, 'Û', #76, 'Û', #76, 'Û', #76,
     'Û', #76, 'Û', #76, 'Û', #76, 'Û', #76, 'Û', #76, 'Û', #76, 'Û', #76,
     'Û', #76, 'Û', #76, 'Û', #76, 'Û', #76, 'Û', #76, 'Û', #76, 'Û', #76,
     'Û', #76, 'Û', #76, 'Û', #76, 'Û', #76, 'Û', #76, 'Û', #76, 'Û', #76,
     'Û', #76, 'Û', #76, 'Û', #76, 'Û', #76, 'Û', #76, 'Û', #76, 'Û', #76,
     'Û', #76, 'Û', #76, 'Û', #76, 'Û', #76, 'Û', #76, 'Û', #76, 'Û', #76,
     'Û', #76, 'Û', #76, 'Û', #76, 'Û', #76, 'Û', #76, 'Û', #76, 'Û', #76,
     'Û', #76, 'Û', #76, 'Û', #76, 'Û', #76, 'Û', #76, 'Û', #76, 'Û', #76,
     'Û', #76, 'Û', #76, 'Û', #76, 'Û', #76, 'Û', #76, 'Û', #76);
